\BOOKMARK [1][-]{section.1}{\376\377\145\207\150\143\203\003\126\364\116\016\152\041\127\213\121\145\123\343}{}% 1
\BOOKMARK [1][-]{section.2}{\376\377\162\266\140\001\123\330\221\317\060\001\123\072\127\337\221\317\116\016\145\366\225\364\143\250\217\333}{}% 2
\BOOKMARK [1][-]{section.3}{\376\377\172\172\225\364\171\273\145\143\116\016\165\114\227\142\122\044\143\156}{}% 3
\BOOKMARK [1][-]{section.4}{\376\377\166\370\127\072\152\041\127\213}{}% 4
\BOOKMARK [2][-]{subsection.4.1}{\376\377\165\114\227\142\201\352\165\061\200\375\116\016\123\330\122\006\221\317}{section.4}% 5
\BOOKMARK [2][-]{subsection.4.2}{\376\377\154\325\124\021\060\001\124\004\124\021\137\002\140\047\116\016\156\051\136\246\117\235\215\126\217\301\171\373\163\207}{section.4}% 6
\BOOKMARK [2][-]{subsection.4.3}{\376\377\000C\000U\000B\000I\000C\000\137\000D\000E\000N\000D\000R\000I\000T\000E\000\040\166\204\154\325\124\021\120\117\133\374\116\016\116\045\150\074\123\330\122\006}{section.4}% 7
\BOOKMARK [3][-]{subsubsection.4.3.1}{\376\377\116\343\170\001\116\055\166\204\134\100\220\350\230\171\040\023\220\032\221\317\142\306\122\006}{subsection.4.3}% 8
\BOOKMARK [2][-]{subsection.4.4}{\376\377\142\020\133\371\157\024\123\026\060\001\117\123\232\161\122\250\122\233\116\016\126\152\130\360}{section.4}% 9
\BOOKMARK [1][-]{section.5}{\376\377\155\123\136\246\152\041\127\213}{}% 10
\BOOKMARK [2][-]{subsection.5.1}{\376\377\123\026\133\146\122\277\116\016\217\301\171\373\163\207}{section.5}% 11
\BOOKMARK [2][-]{subsection.5.2}{\376\377\123\072\127\337\133\210\140\122\145\271\172\013\116\016\171\373\122\250\123\072\127\337}{section.5}% 12
\BOOKMARK [1][-]{section.6}{\376\377\156\051\136\246\152\041\127\213}{}% 13
\BOOKMARK [1][-]{section.7}{\376\377\131\032\230\171\137\017\123\026\133\146\201\352\165\061\200\375\116\016\134\100\220\350\221\315\122\006\221\115}{}% 14
\BOOKMARK [1][-]{section.8}{\376\377\177\023\133\130\177\121\150\074\116\016\145\160\143\156\165\037\124\175\124\150\147\037}{}% 15
\BOOKMARK [1][-]{section.9}{\376\377\123\302\145\160\140\073\210\150}{}% 16
\BOOKMARK [2][-]{subsection.9.1}{\376\377\127\372\170\100\123\302\145\160\060\001\167\351\226\065\124\214\126\336\214\003}{section.9}% 17
\BOOKMARK [2][-]{subsection.9.2}{\376\377\155\076\165\037\162\266\140\001\060\001\160\355\122\233\133\146\133\130\120\250\116\016\217\223\121\372\220\011\142\351}{section.9}% 18
\BOOKMARK [1][-]{section.10}{\376\377\000D\000D\000C\000D\000S\000\040\217\223\121\145\123\302\145\160}{}% 19
\BOOKMARK [2][-]{subsection.10.1}{\376\377\171\273\145\143\060\001\137\122\116\000\123\026\060\001\176\337\213\241\124\214\166\370\127\072}{section.10}% 20
\BOOKMARK [2][-]{subsection.10.2}{\376\377\155\123\136\246\060\001\156\051\136\246\116\016\160\355\122\233\133\146}{section.10}% 21
\BOOKMARK [2][-]{subsection.10.3}{\376\377\000C\000S\000V\000\040\116\016\000\040\000V\000T\000S\000\040\217\223\121\372}{section.10}% 22
\BOOKMARK [1][-]{section.11}{\376\377\121\375\145\160\175\042\137\025}{}% 23
\BOOKMARK [2][-]{subsection.11.1}{\376\377\152\041\127\127\165\037\124\175\124\150\147\037\121\375\145\160}{section.11}% 24
\BOOKMARK [2][-]{subsection.11.2}{\376\377\166\370\127\072\121\375\145\160}{section.11}% 25
\BOOKMARK [2][-]{subsection.11.3}{\376\377\155\123\136\246\060\001\156\051\136\246\124\214\123\026\133\146\200\375\121\375\145\160}{section.11}% 26
\BOOKMARK [1][-]{section.12}{\376\377\133\236\163\260\176\246\147\137\116\016\117\177\165\050\154\350\141\017}{}% 27
